2025-11-01 22:38:13.757 -05:00 [INF] User profile is available. Using 'C:\Users\YJ\AppData\Local\ASP.NET\DataProtection-Keys' as key repository and Windows DPAPI to encrypt keys at rest.
2025-11-01 22:38:13.900 -05:00 [INF] Now listening on: https://localhost:7145
2025-11-01 22:38:13.901 -05:00 [INF] Now listening on: http://localhost:5073
2025-11-01 22:38:13.935 -05:00 [INF] Application started. Press Ctrl+C to shut down.
2025-11-01 22:38:13.937 -05:00 [INF] Hosting environment: Development
2025-11-01 22:38:13.939 -05:00 [INF] Content root path: C:\Users\YJ\Desktop\MovieShop\MovieShopMVC
2025-11-01 22:38:14.282 -05:00 [INF] Request starting HTTP/2 GET https://localhost:7145/ - null null
2025-11-01 22:38:14.387 -05:00 [INF] Executing endpoint 'MovieShopMVC.Controllers.HomeController.Index (MovieShopMVC)'
2025-11-01 22:38:14.413 -05:00 [INF] Route matched with {action = "Index", controller = "Home"}. Executing controller action with signature System.Threading.Tasks.Task`1[Microsoft.AspNetCore.Mvc.IActionResult] Index() on controller MovieShopMVC.Controllers.HomeController (MovieShopMVC).
2025-11-01 22:38:14.543 -05:00 [INF] Executed action MovieShopMVC.Controllers.HomeController.Index (MovieShopMVC) in 126.4139ms
2025-11-01 22:38:14.546 -05:00 [INF] Executed endpoint 'MovieShopMVC.Controllers.HomeController.Index (MovieShopMVC)'
2025-11-01 22:38:14.548 -05:00 [ERR] HTTP GET / responded 500 in 177.7269 ms
System.Exception: Test error for logging middleware
   at MovieShopMVC.Controllers.HomeController.Index() in C:\Users\YJ\Desktop\MovieShop\MovieShopMVC\Controllers\HomeController.cs:line 31
   at Microsoft.AspNetCore.Mvc.Infrastructure.ActionMethodExecutor.TaskOfIActionResultExecutor.Execute(ActionContext actionContext, IActionResultTypeMapper mapper, ObjectMethodExecutor executor, Object controller, Object[] arguments)
   at Microsoft.AspNetCore.Mvc.Infrastructure.ControllerActionInvoker.<InvokeActionMethodAsync>g__Awaited|12_0(ControllerActionInvoker invoker, ValueTask`1 actionResultValueTask)
   at Microsoft.AspNetCore.Mvc.Infrastructure.ControllerActionInvoker.<InvokeNextActionFilterAsync>g__Awaited|10_0(ControllerActionInvoker invoker, Task lastTask, State next, Scope scope, Object state, Boolean isCompleted)
   at Microsoft.AspNetCore.Mvc.Infrastructure.ControllerActionInvoker.Rethrow(ActionExecutedContextSealed context)
   at Microsoft.AspNetCore.Mvc.Infrastructure.ControllerActionInvoker.Next(State& next, Scope& scope, Object& state, Boolean& isCompleted)
   at Microsoft.AspNetCore.Mvc.Infrastructure.ControllerActionInvoker.InvokeInnerFilterAsync()
--- End of stack trace from previous location ---
   at Microsoft.AspNetCore.Mvc.Infrastructure.ResourceInvoker.<InvokeNextResourceFilter>g__Awaited|25_0(ResourceInvoker invoker, Task lastTask, State next, Scope scope, Object state, Boolean isCompleted)
   at Microsoft.AspNetCore.Mvc.Infrastructure.ResourceInvoker.Rethrow(ResourceExecutedContextSealed context)
   at Microsoft.AspNetCore.Mvc.Infrastructure.ResourceInvoker.Next(State& next, Scope& scope, Object& state, Boolean& isCompleted)
   at Microsoft.AspNetCore.Mvc.Infrastructure.ResourceInvoker.InvokeFilterPipelineAsync()
--- End of stack trace from previous location ---
   at Microsoft.AspNetCore.Mvc.Infrastructure.ResourceInvoker.<InvokeAsync>g__Logged|17_1(ResourceInvoker invoker)
   at Microsoft.AspNetCore.Mvc.Infrastructure.ResourceInvoker.<InvokeAsync>g__Logged|17_1(ResourceInvoker invoker)
   at Microsoft.AspNetCore.Routing.EndpointMiddleware.<Invoke>g__AwaitRequestTask|7_0(Endpoint endpoint, Task requestTask, ILogger logger)
   at Microsoft.AspNetCore.Authorization.AuthorizationMiddleware.Invoke(HttpContext context)
   at Microsoft.AspNetCore.Authentication.AuthenticationMiddleware.Invoke(HttpContext context)
   at Serilog.AspNetCore.RequestLoggingMiddleware.Invoke(HttpContext httpContext)
2025-11-01 22:38:14.595 -05:00 [INF] Request finished HTTP/2 GET https://localhost:7145/ - 302 0 null 319.7604ms
2025-11-01 22:38:14.602 -05:00 [INF] Request starting HTTP/2 GET https://localhost:7145/home/error - null null
2025-11-01 22:38:14.608 -05:00 [INF] Executing endpoint 'MovieShopMVC.Controllers.HomeController.Error (MovieShopMVC)'
2025-11-01 22:38:14.614 -05:00 [INF] Route matched with {action = "Error", controller = "Home"}. Executing controller action with signature Microsoft.AspNetCore.Mvc.IActionResult Error() on controller MovieShopMVC.Controllers.HomeController (MovieShopMVC).
2025-11-01 22:38:14.627 -05:00 [INF] Executing ViewResult, running view Error.
2025-11-01 22:38:14.682 -05:00 [INF] Executed ViewResult - view Error executed in 61.2721ms.
2025-11-01 22:38:14.684 -05:00 [INF] Executed action MovieShopMVC.Controllers.HomeController.Error (MovieShopMVC) in 68.3413ms
2025-11-01 22:38:14.685 -05:00 [INF] Executed endpoint 'MovieShopMVC.Controllers.HomeController.Error (MovieShopMVC)'
2025-11-01 22:38:14.686 -05:00 [INF] HTTP GET /home/error responded 200 in 79.3387 ms
2025-11-01 22:38:14.703 -05:00 [ERR] An unhandled exception has occurred while executing the request.
System.InvalidOperationException: StatusCode cannot be set because the response has already started.
   at Microsoft.AspNetCore.Server.Kestrel.Core.Internal.Http.HttpProtocol.ThrowResponseAlreadyStartedException(String value)
   at Microsoft.AspNetCore.Server.Kestrel.Core.Internal.Http.HttpProtocol.set_StatusCode(Int32 value)
   at Microsoft.AspNetCore.Http.DefaultHttpResponse.Redirect(String location, Boolean permanent)
   at MovieShopMVC.Middlewares.MovieShopExceptionMiddleware.Invoke(HttpContext httpContext) in C:\Users\YJ\Desktop\MovieShop\MovieShopMVC\Middlewares\MovieShopExceptionMiddleware.cs:line 42
   at Microsoft.AspNetCore.Diagnostics.DeveloperExceptionPageMiddlewareImpl.Invoke(HttpContext context)
2025-11-01 22:38:14.705 -05:00 [WRN] The response has already started, the error page middleware will not be executed.
2025-11-01 22:38:14.708 -05:00 [ERR] Connection id "0HNGPO50CURO1", Request id "0HNGPO50CURO1:00000003": An unhandled exception was thrown by the application.
System.InvalidOperationException: StatusCode cannot be set because the response has already started.
   at Microsoft.AspNetCore.Server.Kestrel.Core.Internal.Http.HttpProtocol.ThrowResponseAlreadyStartedException(String value)
   at Microsoft.AspNetCore.Server.Kestrel.Core.Internal.Http.HttpProtocol.set_StatusCode(Int32 value)
   at Microsoft.AspNetCore.Http.DefaultHttpResponse.Redirect(String location, Boolean permanent)
   at MovieShopMVC.Middlewares.MovieShopExceptionMiddleware.Invoke(HttpContext httpContext) in C:\Users\YJ\Desktop\MovieShop\MovieShopMVC\Middlewares\MovieShopExceptionMiddleware.cs:line 42
   at Microsoft.AspNetCore.Diagnostics.DeveloperExceptionPageMiddlewareImpl.Invoke(HttpContext context)
   at Microsoft.AspNetCore.Diagnostics.DeveloperExceptionPageMiddlewareImpl.Invoke(HttpContext context)
   at Microsoft.WebTools.BrowserLink.Net.BrowserLinkMiddleware.InvokeAsync(HttpContext context)
   at Microsoft.AspNetCore.Watch.BrowserRefresh.BrowserRefreshMiddleware.InvokeAsync(HttpContext context)
   at Microsoft.AspNetCore.Server.Kestrel.Core.Internal.Http.HttpProtocol.ProcessRequests[TContext](IHttpApplication`1 application)
2025-11-01 22:38:14.715 -05:00 [INF] Request finished HTTP/2 GET https://localhost:7145/home/error - 200 null text/html; charset=utf-8 112.4938ms
2025-11-01 22:38:14.716 -05:00 [INF] Request starting HTTP/2 GET https://localhost:7145/_framework/aspnetcore-browser-refresh.js - null null
2025-11-01 22:38:14.721 -05:00 [INF] Request starting HTTP/2 GET https://localhost:7145/_vs/browserLink - null null
2025-11-01 22:38:14.729 -05:00 [INF] Request finished HTTP/2 GET https://localhost:7145/_framework/aspnetcore-browser-refresh.js - 200 16509 application/javascript; charset=utf-8 12.6035ms
2025-11-01 22:38:14.755 -05:00 [INF] Request finished HTTP/2 GET https://localhost:7145/_vs/browserLink - 200 null text/javascript; charset=UTF-8 33.9556ms
2025-11-01 22:43:24.144 -05:00 [INF] User profile is available. Using 'C:\Users\YJ\AppData\Local\ASP.NET\DataProtection-Keys' as key repository and Windows DPAPI to encrypt keys at rest.
2025-11-01 22:43:24.289 -05:00 [INF] Now listening on: https://localhost:7145
2025-11-01 22:43:24.290 -05:00 [INF] Now listening on: http://localhost:5073
2025-11-01 22:43:24.326 -05:00 [INF] Application started. Press Ctrl+C to shut down.
2025-11-01 22:43:24.327 -05:00 [INF] Hosting environment: Development
2025-11-01 22:43:24.328 -05:00 [INF] Content root path: C:\Users\YJ\Desktop\MovieShop\MovieShopMVC
2025-11-01 22:43:24.836 -05:00 [INF] Request starting HTTP/2 GET https://localhost:7145/ - null null
2025-11-01 22:43:24.921 -05:00 [INF] Executing endpoint 'MovieShopMVC.Controllers.HomeController.Index (MovieShopMVC)'
2025-11-01 22:43:24.944 -05:00 [INF] Route matched with {action = "Index", controller = "Home"}. Executing controller action with signature System.Threading.Tasks.Task`1[Microsoft.AspNetCore.Mvc.IActionResult] Index() on controller MovieShopMVC.Controllers.HomeController (MovieShopMVC).
2025-11-01 22:43:25.808 -05:00 [INF] Executed DbCommand (73ms) [Parameters=[@__p_0='?' (DbType = Int32)], CommandType='"Text"', CommandTimeout='30']
SELECT TOP(@__p_0) [m].[Id], [m].[BackdropUrl], [m].[Budget], [m].[CreatedBy], [m].[CreatedDate], [m].[ImdbUrl], [m].[OriginalLanguage], [m].[Overview], [m].[PosterUrl], [m].[Price], [m].[ReleaseDate], [m].[Revenue], [m].[Runtime], [m].[Tagline], [m].[Title], [m].[TmdbUrl], [m].[UpdatedBy], [m].[UpdatedDate]
FROM [Movie] AS [m]
ORDER BY [m].[Revenue] DESC
2025-11-01 22:43:25.897 -05:00 [INF] Executing ViewResult, running view Index.
2025-11-01 22:43:25.978 -05:00 [INF] Executed ViewResult - view Index executed in 81.9089ms.
2025-11-01 22:43:25.980 -05:00 [INF] Executed action MovieShopMVC.Controllers.HomeController.Index (MovieShopMVC) in 1034.3532ms
2025-11-01 22:43:25.982 -05:00 [INF] Executed endpoint 'MovieShopMVC.Controllers.HomeController.Index (MovieShopMVC)'
2025-11-01 22:43:25.985 -05:00 [INF] HTTP GET / responded 200 in 1084.5154 ms
2025-11-01 22:43:26.033 -05:00 [INF] Request starting HTTP/2 GET https://localhost:7145/_framework/aspnetcore-browser-refresh.js - null null
2025-11-01 22:43:26.033 -05:00 [INF] Request starting HTTP/2 GET https://localhost:7145/_vs/browserLink - null null
2025-11-01 22:43:26.035 -05:00 [ERR] An unhandled exception has occurred while executing the request.
System.InvalidOperationException: StatusCode cannot be set because the response has already started.
   at Microsoft.AspNetCore.Server.Kestrel.Core.Internal.Http.HttpProtocol.ThrowResponseAlreadyStartedException(String value)
   at Microsoft.AspNetCore.Server.Kestrel.Core.Internal.Http.HttpProtocol.set_StatusCode(Int32 value)
   at Microsoft.AspNetCore.Http.DefaultHttpResponse.Redirect(String location, Boolean permanent)
   at MovieShopMVC.Middlewares.MovieShopExceptionMiddleware.Invoke(HttpContext httpContext) in C:\Users\YJ\Desktop\MovieShop\MovieShopMVC\Middlewares\MovieShopExceptionMiddleware.cs:line 42
   at Microsoft.AspNetCore.Diagnostics.DeveloperExceptionPageMiddlewareImpl.Invoke(HttpContext context)
2025-11-01 22:43:26.044 -05:00 [INF] Request finished HTTP/2 GET https://localhost:7145/_framework/aspnetcore-browser-refresh.js - 200 16509 application/javascript; charset=utf-8 10.7891ms
2025-11-01 22:43:26.095 -05:00 [WRN] The response has already started, the error page middleware will not be executed.
2025-11-01 22:43:26.101 -05:00 [INF] Request finished HTTP/2 GET https://localhost:7145/_vs/browserLink - 200 null text/javascript; charset=UTF-8 67.3458ms
2025-11-01 22:43:26.102 -05:00 [ERR] Connection id "0HNGPO7SV9JDD", Request id "0HNGPO7SV9JDD:00000001": An unhandled exception was thrown by the application.
System.InvalidOperationException: StatusCode cannot be set because the response has already started.
   at Microsoft.AspNetCore.Server.Kestrel.Core.Internal.Http.HttpProtocol.ThrowResponseAlreadyStartedException(String value)
   at Microsoft.AspNetCore.Server.Kestrel.Core.Internal.Http.HttpProtocol.set_StatusCode(Int32 value)
   at Microsoft.AspNetCore.Http.DefaultHttpResponse.Redirect(String location, Boolean permanent)
   at MovieShopMVC.Middlewares.MovieShopExceptionMiddleware.Invoke(HttpContext httpContext) in C:\Users\YJ\Desktop\MovieShop\MovieShopMVC\Middlewares\MovieShopExceptionMiddleware.cs:line 42
   at Microsoft.AspNetCore.Diagnostics.DeveloperExceptionPageMiddlewareImpl.Invoke(HttpContext context)
   at Microsoft.AspNetCore.Diagnostics.DeveloperExceptionPageMiddlewareImpl.Invoke(HttpContext context)
   at Microsoft.WebTools.BrowserLink.Net.BrowserLinkMiddleware.InvokeAsync(HttpContext context)
   at Microsoft.AspNetCore.Watch.BrowserRefresh.BrowserRefreshMiddleware.InvokeAsync(HttpContext context)
   at Microsoft.AspNetCore.Server.Kestrel.Core.Internal.Http.HttpProtocol.ProcessRequests[TContext](IHttpApplication`1 application)
2025-11-01 22:43:26.112 -05:00 [INF] Request finished HTTP/2 GET https://localhost:7145/ - 200 null text/html; charset=utf-8 1281.1105ms
2025-11-01 22:43:29.066 -05:00 [INF] Request starting HTTP/2 GET https://localhost:7145/Movies/Details/9 - null null
2025-11-01 22:43:29.073 -05:00 [INF] Executing endpoint 'MovieShopMVC.Controllers.MoviesController.Details (MovieShopMVC)'
2025-11-01 22:43:29.080 -05:00 [INF] Route matched with {action = "Details", controller = "Movies"}. Executing controller action with signature System.Threading.Tasks.Task`1[Microsoft.AspNetCore.Mvc.IActionResult] Details(Int32) on controller MovieShopMVC.Controllers.MoviesController (MovieShopMVC).
2025-11-01 22:43:29.162 -05:00 [WRN] Compiling a query which loads related collections for more than one collection navigation, either via 'Include' or through projection, but no 'QuerySplittingBehavior' has been configured. By default, Entity Framework will use 'QuerySplittingBehavior.SingleQuery', which can potentially result in slow query performance. See https://go.microsoft.com/fwlink/?linkid=2134277 for more information. To identify the query that's triggering this warning call 'ConfigureWarnings(w => w.Throw(RelationalEventId.MultipleCollectionIncludeWarning))'.
2025-11-01 22:43:29.216 -05:00 [INF] Executed DbCommand (23ms) [Parameters=[@__id_0='?' (DbType = Int32)], CommandType='"Text"', CommandTimeout='30']
SELECT [m2].[Id], [m2].[BackdropUrl], [m2].[Budget], [m2].[CreatedBy], [m2].[CreatedDate], [m2].[ImdbUrl], [m2].[OriginalLanguage], [m2].[Overview], [m2].[PosterUrl], [m2].[Price], [m2].[ReleaseDate], [m2].[Revenue], [m2].[Runtime], [m2].[Tagline], [m2].[Title], [m2].[TmdbUrl], [m2].[UpdatedBy], [m2].[UpdatedDate], [s].[MovieId], [s].[GenreId], [s].[Id], [s].[Name], [s0].[MovieId], [s0].[CastId], [s0].[Character], [s0].[Id], [s0].[Gender], [s0].[Name], [s0].[ProfilePath], [s0].[TmdbUrl], [t].[Id], [t].[MovieId], [t].[Name], [t].[TrailerUrl]
FROM (
    SELECT TOP(1) [m].[Id], [m].[BackdropUrl], [m].[Budget], [m].[CreatedBy], [m].[CreatedDate], [m].[ImdbUrl], [m].[OriginalLanguage], [m].[Overview], [m].[PosterUrl], [m].[Price], [m].[ReleaseDate], [m].[Revenue], [m].[Runtime], [m].[Tagline], [m].[Title], [m].[TmdbUrl], [m].[UpdatedBy], [m].[UpdatedDate]
    FROM [Movie] AS [m]
    WHERE [m].[Id] = @__id_0
) AS [m2]
LEFT JOIN (
    SELECT [m0].[MovieId], [m0].[GenreId], [g].[Id], [g].[Name]
    FROM [MovieGenre] AS [m0]
    INNER JOIN [Genre] AS [g] ON [m0].[GenreId] = [g].[Id]
) AS [s] ON [m2].[Id] = [s].[MovieId]
LEFT JOIN (
    SELECT [m1].[MovieId], [m1].[CastId], [m1].[Character], [c].[Id], [c].[Gender], [c].[Name], [c].[ProfilePath], [c].[TmdbUrl]
    FROM [MovieCast] AS [m1]
    INNER JOIN [Cast] AS [c] ON [m1].[CastId] = [c].[Id]
) AS [s0] ON [m2].[Id] = [s0].[MovieId]
LEFT JOIN [Trailer] AS [t] ON [m2].[Id] = [t].[MovieId]
ORDER BY [m2].[Id], [s].[MovieId], [s].[GenreId], [s].[Id], [s0].[MovieId], [s0].[CastId], [s0].[Character], [s0].[Id]
2025-11-01 22:43:29.278 -05:00 [INF] Executed DbCommand (4ms) [Parameters=[@__id_0='?' (DbType = Int32)], CommandType='"Text"', CommandTimeout='30']
SELECT AVG([r].[Rating])
FROM [Review] AS [r]
WHERE [r].[MovieId] = @__id_0
2025-11-01 22:43:29.283 -05:00 [INF] Executing ViewResult, running view Details.
2025-11-01 22:43:29.287 -05:00 [INF] Executed ViewResult - view Details executed in 5.0299ms.
2025-11-01 22:43:29.289 -05:00 [INF] Executed action MovieShopMVC.Controllers.MoviesController.Details (MovieShopMVC) in 207.9941ms
2025-11-01 22:43:29.290 -05:00 [INF] Executed endpoint 'MovieShopMVC.Controllers.MoviesController.Details (MovieShopMVC)'
2025-11-01 22:43:29.291 -05:00 [INF] HTTP GET /Movies/Details/9 responded 200 in 220.5316 ms
2025-11-01 22:43:29.336 -05:00 [ERR] An unhandled exception has occurred while executing the request.
System.InvalidOperationException: StatusCode cannot be set because the response has already started.
   at Microsoft.AspNetCore.Server.Kestrel.Core.Internal.Http.HttpProtocol.ThrowResponseAlreadyStartedException(String value)
   at Microsoft.AspNetCore.Server.Kestrel.Core.Internal.Http.HttpProtocol.set_StatusCode(Int32 value)
   at Microsoft.AspNetCore.Http.DefaultHttpResponse.Redirect(String location, Boolean permanent)
   at MovieShopMVC.Middlewares.MovieShopExceptionMiddleware.Invoke(HttpContext httpContext) in C:\Users\YJ\Desktop\MovieShop\MovieShopMVC\Middlewares\MovieShopExceptionMiddleware.cs:line 42
   at Microsoft.AspNetCore.Diagnostics.DeveloperExceptionPageMiddlewareImpl.Invoke(HttpContext context)
2025-11-01 22:43:29.337 -05:00 [INF] Request starting HTTP/2 GET https://localhost:7145/_framework/aspnetcore-browser-refresh.js - null null
2025-11-01 22:43:29.336 -05:00 [INF] Request starting HTTP/2 GET https://localhost:7145/_vs/browserLink - null null
2025-11-01 22:43:29.338 -05:00 [WRN] The response has already started, the error page middleware will not be executed.
2025-11-01 22:43:29.341 -05:00 [INF] Request finished HTTP/2 GET https://localhost:7145/_framework/aspnetcore-browser-refresh.js - 200 16509 application/javascript; charset=utf-8 4.3028ms
2025-11-01 22:43:29.345 -05:00 [ERR] Connection id "0HNGPO7SV9JDD", Request id "0HNGPO7SV9JDD:00000007": An unhandled exception was thrown by the application.
System.InvalidOperationException: StatusCode cannot be set because the response has already started.
   at Microsoft.AspNetCore.Server.Kestrel.Core.Internal.Http.HttpProtocol.ThrowResponseAlreadyStartedException(String value)
   at Microsoft.AspNetCore.Server.Kestrel.Core.Internal.Http.HttpProtocol.set_StatusCode(Int32 value)
   at Microsoft.AspNetCore.Http.DefaultHttpResponse.Redirect(String location, Boolean permanent)
   at MovieShopMVC.Middlewares.MovieShopExceptionMiddleware.Invoke(HttpContext httpContext) in C:\Users\YJ\Desktop\MovieShop\MovieShopMVC\Middlewares\MovieShopExceptionMiddleware.cs:line 42
   at Microsoft.AspNetCore.Diagnostics.DeveloperExceptionPageMiddlewareImpl.Invoke(HttpContext context)
   at Microsoft.AspNetCore.Diagnostics.DeveloperExceptionPageMiddlewareImpl.Invoke(HttpContext context)
   at Microsoft.WebTools.BrowserLink.Net.BrowserLinkMiddleware.InvokeAsync(HttpContext context)
   at Microsoft.AspNetCore.Watch.BrowserRefresh.BrowserRefreshMiddleware.InvokeAsync(HttpContext context)
   at Microsoft.AspNetCore.Server.Kestrel.Core.Internal.Http.HttpProtocol.ProcessRequests[TContext](IHttpApplication`1 application)
2025-11-01 22:43:29.350 -05:00 [INF] Request finished HTTP/2 GET https://localhost:7145/Movies/Details/9 - 200 null text/html; charset=utf-8 284.8867ms
2025-11-01 22:43:29.355 -05:00 [INF] Request finished HTTP/2 GET https://localhost:7145/_vs/browserLink - 200 null text/javascript; charset=UTF-8 19.0297ms
2025-11-01 22:43:30.387 -05:00 [INF] Request starting HTTP/2 GET https://localhost:7145/ - null null
2025-11-01 22:43:30.392 -05:00 [INF] Executing endpoint 'MovieShopMVC.Controllers.HomeController.Index (MovieShopMVC)'
2025-11-01 22:43:30.393 -05:00 [INF] Route matched with {action = "Index", controller = "Home"}. Executing controller action with signature System.Threading.Tasks.Task`1[Microsoft.AspNetCore.Mvc.IActionResult] Index() on controller MovieShopMVC.Controllers.HomeController (MovieShopMVC).
2025-11-01 22:43:30.480 -05:00 [INF] Executed DbCommand (46ms) [Parameters=[@__p_0='?' (DbType = Int32)], CommandType='"Text"', CommandTimeout='30']
SELECT TOP(@__p_0) [m].[Id], [m].[BackdropUrl], [m].[Budget], [m].[CreatedBy], [m].[CreatedDate], [m].[ImdbUrl], [m].[OriginalLanguage], [m].[Overview], [m].[PosterUrl], [m].[Price], [m].[ReleaseDate], [m].[Revenue], [m].[Runtime], [m].[Tagline], [m].[Title], [m].[TmdbUrl], [m].[UpdatedBy], [m].[UpdatedDate]
FROM [Movie] AS [m]
ORDER BY [m].[Revenue] DESC
2025-11-01 22:43:30.484 -05:00 [INF] Executing ViewResult, running view Index.
2025-11-01 22:43:30.488 -05:00 [INF] Executed ViewResult - view Index executed in 3.9243ms.
2025-11-01 22:43:30.489 -05:00 [INF] Executed action MovieShopMVC.Controllers.HomeController.Index (MovieShopMVC) in 94.7767ms
2025-11-01 22:43:30.490 -05:00 [INF] Executed endpoint 'MovieShopMVC.Controllers.HomeController.Index (MovieShopMVC)'
2025-11-01 22:43:30.491 -05:00 [INF] HTTP GET / responded 200 in 99.9376 ms
2025-11-01 22:43:30.513 -05:00 [ERR] An unhandled exception has occurred while executing the request.
System.InvalidOperationException: StatusCode cannot be set because the response has already started.
   at Microsoft.AspNetCore.Server.Kestrel.Core.Internal.Http.HttpProtocol.ThrowResponseAlreadyStartedException(String value)
   at Microsoft.AspNetCore.Server.Kestrel.Core.Internal.Http.HttpProtocol.set_StatusCode(Int32 value)
   at Microsoft.AspNetCore.Http.DefaultHttpResponse.Redirect(String location, Boolean permanent)
   at MovieShopMVC.Middlewares.MovieShopExceptionMiddleware.Invoke(HttpContext httpContext) in C:\Users\YJ\Desktop\MovieShop\MovieShopMVC\Middlewares\MovieShopExceptionMiddleware.cs:line 42
   at Microsoft.AspNetCore.Diagnostics.DeveloperExceptionPageMiddlewareImpl.Invoke(HttpContext context)
2025-11-01 22:43:30.515 -05:00 [WRN] The response has already started, the error page middleware will not be executed.
2025-11-01 22:43:30.516 -05:00 [ERR] Connection id "0HNGPO7SV9JDD", Request id "0HNGPO7SV9JDD:0000000D": An unhandled exception was thrown by the application.
System.InvalidOperationException: StatusCode cannot be set because the response has already started.
   at Microsoft.AspNetCore.Server.Kestrel.Core.Internal.Http.HttpProtocol.ThrowResponseAlreadyStartedException(String value)
   at Microsoft.AspNetCore.Server.Kestrel.Core.Internal.Http.HttpProtocol.set_StatusCode(Int32 value)
   at Microsoft.AspNetCore.Http.DefaultHttpResponse.Redirect(String location, Boolean permanent)
   at MovieShopMVC.Middlewares.MovieShopExceptionMiddleware.Invoke(HttpContext httpContext) in C:\Users\YJ\Desktop\MovieShop\MovieShopMVC\Middlewares\MovieShopExceptionMiddleware.cs:line 42
   at Microsoft.AspNetCore.Diagnostics.DeveloperExceptionPageMiddlewareImpl.Invoke(HttpContext context)
   at Microsoft.AspNetCore.Diagnostics.DeveloperExceptionPageMiddlewareImpl.Invoke(HttpContext context)
   at Microsoft.WebTools.BrowserLink.Net.BrowserLinkMiddleware.InvokeAsync(HttpContext context)
   at Microsoft.AspNetCore.Watch.BrowserRefresh.BrowserRefreshMiddleware.InvokeAsync(HttpContext context)
   at Microsoft.AspNetCore.Server.Kestrel.Core.Internal.Http.HttpProtocol.ProcessRequests[TContext](IHttpApplication`1 application)
2025-11-01 22:43:30.519 -05:00 [INF] Request finished HTTP/2 GET https://localhost:7145/ - 200 null text/html; charset=utf-8 131.905ms
2025-11-01 22:43:30.532 -05:00 [INF] Request starting HTTP/2 GET https://localhost:7145/_framework/aspnetcore-browser-refresh.js - null null
2025-11-01 22:43:30.535 -05:00 [INF] Request finished HTTP/2 GET https://localhost:7145/_framework/aspnetcore-browser-refresh.js - 200 16509 application/javascript; charset=utf-8 3.7385ms
